Fetching bank failures list...
failures: 4117 rows
Fetching quarterly financials 2001-2026 (this takes a while, cached per quarter)...
[1/104] 20010331: 9940 banks (fetched)
[2/104] 20010630: 9863 banks (fetched)
[3/104] 20010930: 9818 banks (fetched)
[4/104] 20011231: 9731 banks (fetched)
[5/104] 20020331: 9634 banks (fetched)
[6/104] 20020630: 9579 banks (fetched)
[7/104] 20020930: 9527 banks (fetched)
[8/104] 20021231: 9464 banks (fetched)
[9/104] 20030331: 9424 banks (fetched)
[10/104] 20030630: 9379 banks (fetched)
[11/104] 20030930: 9348 banks (fetched)
[12/104] 20031231: 9296 banks (fetched)
[13/104] 20040331: 9229 banks (fetched)
[14/104] 20040630: 9190 banks (fetched)
[15/104] 20040930: 9134 banks (fetched)
[16/104] 20041231: 9084 banks (fetched)
[17/104] 20050331: 9040 banks (fetched)
[18/104] 20050630: 8973 banks (fetched)
[19/104] 20050930: 8964 banks (fetched)
[20/104] 20051231: 8938 banks (fetched)
[21/104] 20060331: 8894 banks (fetched)
[22/104] 20060630: 8882 banks (fetched)
[23/104] 20060930: 8848 banks (fetched)
[24/104] 20061231: 8783 banks (fetched)
[25/104] 20070331: 8750 banks (fetched)
[26/104] 20070630: 8715 banks (fetched)
[27/104] 20070930: 8658 banks (fetched)
[28/104] 20071231: 8631 banks (fetched)
[29/104] 20080331: 8588 banks (fetched)
[30/104] 20080630: 8544 banks (fetched)
[31/104] 20080930: 8476 banks (fetched)
[32/104] 20081231: 8395 banks (fetched)
[33/104] 20090331: 8337 banks (fetched)
[34/104] 20090630: 8286 banks (fetched)
[35/104] 20090930: 8190 banks (fetched)
[36/104] 20091231: 8103 banks (fetched)
[37/104] 20100331: 8024 banks (fetched)
[38/104] 20100630: 7922 banks (fetched)
[39/104] 20100930: 7852 banks (fetched)
[40/104] 20101231: 7747 banks (fetched)
[41/104] 20110331: 7663 banks (fetched)
[42/104] 20110630: 7601 banks (fetched)
[43/104] 20110930: 7523 banks (fetched)
[44/104] 20111231: 7443 banks (fetched)
[45/104] 20120331: 7394 banks (fetched)
[46/104] 20120630: 7331 banks (fetched)
[47/104] 20120930: 7266 banks (fetched)
[48/104] 20121231: 7166 banks (fetched)
[49/104] 20130331: 7101 banks (fetched)
[50/104] 20130630: 7022 banks (fetched)
[51/104] 20130930: 6972 banks (fetched)
[52/104] 20131231: 6894 banks (fetched)
[53/104] 20140331: 6812 banks (fetched)
[54/104] 20140630: 6738 banks (fetched)
[55/104] 20140930: 6668 banks (fetched)
[56/104] 20141231: 6587 banks (fetched)
[57/104] 20150331: 6496 banks (fetched)
[58/104] 20150630: 6425 banks (fetched)
[59/104] 20150930: 6345 banks (fetched)
[60/104] 20151231: 6255 banks (fetched)
[61/104] 20160331: 6193 banks (fetched)
[62/104] 20160630: 6129 banks (fetched)
[63/104] 20160930: 6051 banks (fetched)
[64/104] 20161231: 5983 banks (fetched)
[65/104] 20170331: 5925 banks (fetched)
[66/104] 20170630: 5856 banks (fetched)
[67/104] 20170930: 5806 banks (fetched)
[68/104] 20171231: 5738 banks (fetched)
[69/104] 20180331: 5674 banks (fetched)
[70/104] 20180630: 5610 banks (fetched)
[71/104] 20180930: 5544 banks (fetched)
[72/104] 20181231: 5473 banks (fetched)
[73/104] 20190331: 5428 banks (fetched)
[74/104] 20190630: 5369 banks (fetched)
[75/104] 20190930: 5325 banks (fetched)
[76/104] 20191231: 5244 banks (fetched)
[77/104] 20200331: 5182 banks (fetched)
[78/104] 20200630: 5131 banks (fetched)
[79/104] 20200930: 5098 banks (fetched)
[80/104] 20201231: 5067 banks (fetched)
[81/104] 20210331: 5044 banks (fetched)
[82/104] 20210630: 5015 banks (fetched)
[83/104] 20210930: 4979 banks (fetched)
[84/104] 20211231: 4904 banks (fetched)
[85/104] 20220331: 4861 banks (fetched)
[86/104] 20220630: 4838 banks (fetched)
[87/104] 20220930: 4813 banks (fetched)
[88/104] 20221231: 4773 banks (fetched)
[89/104] 20230331: 4740 banks (fetched)
[90/104] 20230630: 4714 banks (fetched)
[91/104] 20230930: 4686 banks (fetched)
[92/104] 20231231: 4658 banks (fetched)
[93/104] 20240331: 4640 banks (fetched)
[94/104] 20240630: 4610 banks (fetched)
[95/104] 20240930: 4589 banks (fetched)
[96/104] 20241231: 4560 banks (fetched)
[97/104] 20250331: 4536 banks (fetched)
[98/104] 20250630: 4494 banks (fetched)
[99/104] 20250930: 4452 banks (fetched)
[100/104] 20251231: 4411 banks (fetched)
[101/104] 20260331: 4353 banks (fetched)
[102/104] 20260630: 4313 banks (fetched)
[103/104] 20260930: 0 banks (fetched)
[104/104] 20261231: 0 banks (fetched)
Done.
